// Jest Snapshot v1, https://goo.gl/fbAQLP

exports[`Utils createAuthorizationHeader 1`] = `
Object {
  "headers": Object {
    "authorization": "Bearer fakeAccessToken",
  },
}
`;
